
[1mInitial chunk files[22m          [2m | [22m[1mNames[22m                                                                                           [2m | [22m [1mRaw size[22m[2m | [22m[1mEstimated transfer size[22m
[32mstyles.3573683732ca4b03.css[39m  [2m | [22m[2mstyles[22m                                                                                          [2m | [22m[36m232.58 kB[39m[2m | [22m               [36m23.95 kB[39m
[32mscripts.a5b756e664249597.js[39m  [2m | [22m[2mscripts[22m                                                                                         [2m | [22m [36m79.64 kB[39m[2m | [22m               [36m21.42 kB[39m
[32mpolyfills.f0a08043c6da2b18.js[39m[2m | [22m[2mpolyfills[22m                                                                                       [2m | [22m [36m40.23 kB[39m[2m | [22m               [36m13.54 kB[39m
[32mmain.7d1e2f57233f4236.js[39m     [2m | [22m[2mmain[22m                                                                                            [2m | [22m  [36m6.18 kB[39m[2m | [22m                [36m2.79 kB[39m
[32mremoteEntry.js[39m               [2m | [22m[2mlogin[22m                                                                                           [2m | [22m  [36m5.78 kB[39m[2m | [22m                [36m2.52 kB[39m

[1m [22m                            [2m | [22m[1mInitial total[22m                                                                                   [2m | [22m[1m364.42 kB[22m[2m | [22m               [1m64.22 kB[22m

[1mLazy chunk files[22m             [2m | [22m[1mNames[22m                                                                                           [2m | [22m [1mRaw size[22m[2m | [22m[1mEstimated transfer size[22m
[32m301.b23d561559228f68.js[39m      [2m | [22m[2mbootstrap[22m                                                                                       [2m | [22m  [36m1.08 MB[39m[2m | [22m              [36m248.89 kB[39m
[32m92.0dc50c693340372c.js[39m       [2m | [22m[2m-[22m                                                                                               [2m | [22m[36m759.45 kB[39m[2m | [22m              [36m188.63 kB[39m
[32m320.d6ea1e21e6bcaef9.js[39m      [2m | [22m[2mregistration-register-form-register-form-component[22m                                              [2m | [22m[36m692.58 kB[39m[2m | [22m              [36m107.11 kB[39m
[32m918.339fea7893abfb3d.js[39m      [2m | [22m[2mregistration-register-inventory-register-inventory-component[22m                                    [2m | [22m[36m690.63 kB[39m[2m | [22m              [36m107.20 kB[39m
[32m736.7092d445659789c9.js[39m      [2m | [22m[2mregistration-branch-details-branch-details-component[22m                                            [2m | [22m[36m352.39 kB[39m[2m | [22m               [36m45.15 kB[39m
[32m32.69b31c6d664acbd6.js[39m       [2m | [22m[2mregistration-company-details-company-details-component[22m                                          [2m | [22m[36m330.08 kB[39m[2m | [22m               [36m43.68 kB[39m
[32m31.2d2d951f638391ca.js[39m       [2m | [22m[2m-[22m                                                                                               [2m | [22m[36m293.95 kB[39m[2m | [22m               [36m83.02 kB[39m
[32m412.561f225cea1e4691.js[39m      [2m | [22m[2m-[22m                                                                                               [2m | [22m[36m293.94 kB[39m[2m | [22m               [36m83.09 kB[39m
[32m482.b1af9d165890bbdd.js[39m      [2m | [22m[2mregistration-edit-menu-role-mapping-edit-menu-role-mapping-component[22m                            [2m | [22m[36m286.49 kB[39m[2m | [22m               [36m36.80 kB[39m
[32m520.1b9839880476e7d1.js[39m      [2m | [22m[2mregistration-reset-password-reset-password-component[22m                                            [2m | [22m[36m258.14 kB[39m[2m | [22m               [36m32.55 kB[39m
[32m483.7c25fa0ca5b588be.js[39m      [2m | [22m[2mlogin-login-component[22m                                                                           [2m | [22m[36m256.23 kB[39m[2m | [22m               [36m42.27 kB[39m
[32m752.94a2cde27007dad8.js[39m      [2m | [22m[2mregistration-add-menu-master-add-menu-master-component[22m                                          [2m | [22m[36m252.38 kB[39m[2m | [22m               [36m31.68 kB[39m
[32m740.22a4998a6f7f21ba.js[39m      [2m | [22m[2mregistration-add-company-add-company-component[22m                                                  [2m | [22m[36m249.02 kB[39m[2m | [22m               [36m31.20 kB[39m
[32m407.0f6e0b969e930416.js[39m      [2m | [22m[2mregistration-roles-add-roles-add-component[22m                                                      [2m | [22m[36m246.71 kB[39m[2m | [22m               [36m30.90 kB[39m
[32m680.21cfbb4a82a7f2ba.js[39m      [2m | [22m[2mregistration-add-responsibility-arch-mapping-list-add-responsibility-arch-mapping-list-component[22m[2m | [22m[36m243.65 kB[39m[2m | [22m               [36m30.12 kB[39m
[32m912.439572d926a204f1.js[39m      [2m | [22m[2mregistration-add-responsibility-mapping-list-add-responsibility-mapping-list-component[22m          [2m | [22m[36m243.52 kB[39m[2m | [22m               [36m30.23 kB[39m
[32m128.9c756b72cb61109b.js[39m      [2m | [22m[2mregistration-add-existing-company-add-existing-company-component[22m                                [2m | [22m[36m243.26 kB[39m[2m | [22m               [36m30.08 kB[39m
[32m988.dec17a4f4c29dbf5.js[39m      [2m | [22m[2mregistration-add-esi-calculation-month-limit-add-esi-calculation-month-limit-component[22m          [2m | [22m[36m242.83 kB[39m[2m | [22m               [36m30.30 kB[39m
[32m312.c99b154d8213e133.js[39m      [2m | [22m[2mregistration-add-responsibility-list-add-responsibility-list-component[22m                          [2m | [22m[36m241.14 kB[39m[2m | [22m               [36m29.67 kB[39m
[32m534.0ab36a6973fc9798.js[39m      [2m | [22m[2mregistration-add-branch-add-branch-component[22m                                                    [2m | [22m[36m240.75 kB[39m[2m | [22m               [36m29.70 kB[39m
[32m364.58e6ae5f2eea7bd0.js[39m      [2m | [22m[2mlogin-inventory-login-inventory-component[22m                                                       [2m | [22m[36m238.44 kB[39m[2m | [22m               [36m39.30 kB[39m
[32m80.6248d091a94c88d7.js[39m       [2m | [22m[2mregistration-company-group-add-company-group-add-component[22m                                      [2m | [22m[36m238.19 kB[39m[2m | [22m               [36m29.26 kB[39m
[32m273.5ae8580983249413.js[39m      [2m | [22m[2mregistration-user-access-management-user-access-management-component[22m                            [2m | [22m[36m169.46 kB[39m[2m | [22m               [36m28.87 kB[39m
[32m51.d5b039100dd61484.js[39m       [2m | [22m[2mregistration-companies-companies-component[22m                                                      [2m | [22m[36m152.34 kB[39m[2m | [22m               [36m28.95 kB[39m
[32m216.1d1b0daaae7be78e.js[39m      [2m | [22m[2mregistration-company-group-company-group-component[22m                                              [2m | [22m[36m151.19 kB[39m[2m | [22m               [36m28.38 kB[39m
[32m436.3ff7a9e8f09b26ae.js[39m      [2m | [22m[2mregistration-menu-role-mapping-menu-role-mapping-component[22m                                      [2m | [22m[36m148.80 kB[39m[2m | [22m               [36m28.02 kB[39m
[32m992.f308a2f3801190be.js[39m      [2m | [22m[2mregistration-menu-master-menu-master-component[22m                                                  [2m | [22m[36m148.74 kB[39m[2m | [22m               [36m27.97 kB[39m
[32m428.d0dd791fb9af9651.js[39m      [2m | [22m[2mregistration-roles-roles-component[22m                                                              [2m | [22m[36m147.89 kB[39m[2m | [22m               [36m27.73 kB[39m
[32m392.a62751d22046d882.js[39m      [2m | [22m[2m-[22m                                                                                               [2m | [22m[36m104.63 kB[39m[2m | [22m               [36m26.05 kB[39m
[32m11.1daacb0d899e78e6.js[39m       [2m | [22m[2m-[22m                                                                                               [2m | [22m [36m87.10 kB[39m[2m | [22m               [36m20.87 kB[39m
[32m696.ccb5536188093cd6.js[39m      [2m | [22m[2mregistration-responsibility-mapping-list-responsibility-mapping-list-component[22m                  [2m | [22m [36m81.16 kB[39m[2m | [22m               [36m14.17 kB[39m
[32m127.fbeb88d9e51a0097.js[39m      [2m | [22m[2mregistration-esi-calculation-month-list-esi-calculation-month-list-component[22m                    [2m | [22m [36m81.04 kB[39m[2m | [22m               [36m14.70 kB[39m
[32m424.15eeab6c8456faed.js[39m      [2m | [22m[2mregistration-responsibility-arch-mapping-list-responsibility-arch-mapping-list-component[22m        [2m | [22m [36m81.00 kB[39m[2m | [22m               [36m14.13 kB[39m
[32m756.0195a5856d878711.js[39m      [2m | [22m[2mregistration-responsibility-list-responsibility-list-component[22m                                  [2m | [22m [36m80.67 kB[39m[2m | [22m               [36m14.04 kB[39m
[32m382.5d8939adde7f48d7.js[39m      [2m | [22m[2m-[22m                                                                                               [2m | [22m [36m64.19 kB[39m[2m | [22m               [36m16.68 kB[39m
[32m1.e251ea8865fb4336.js[39m        [2m | [22m[2m-[22m                                                                                               [2m | [22m [36m64.19 kB[39m[2m | [22m               [36m16.69 kB[39m
[32m492.fe59faaf2ccb05c5.js[39m      [2m | [22m[2m-[22m                                                                                               [2m | [22m [36m59.48 kB[39m[2m | [22m               [36m17.56 kB[39m
[32m837.9a16dfac2aec57bb.js[39m      [2m | [22m[2m-[22m                                                                                               [2m | [22m [36m57.60 kB[39m[2m | [22m               [36m16.86 kB[39m
[32m711.fabc98a73a9e7a39.js[39m      [2m | [22m[2mregistration-initial-setup-initial-setup-component[22m                                              [2m | [22m [36m54.99 kB[39m[2m | [22m                [36m9.81 kB[39m
[32m712.16cd12f8c2971e70.js[39m      [2m | [22m[2mregistration-forgot-password-forgot-password-component[22m                                          [2m | [22m [36m49.45 kB[39m[2m | [22m                [36m9.62 kB[39m
[32m866.482bed2f6e5f93be.js[39m      [2m | [22m[2m-[22m                                                                                               [2m | [22m [36m43.42 kB[39m[2m | [22m               [36m12.44 kB[39m
[32m360.76733580f9124dc2.js[39m      [2m | [22m[2mregistration-workspace-workspace-component[22m                                                      [2m | [22m [36m30.33 kB[39m[2m | [22m                [36m6.67 kB[39m
[32m28.c415fc393c4a3ab3.js[39m       [2m | [22m[2mregistration-admin-dashboard-admin-dashboard-component[22m                                          [2m | [22m [36m24.98 kB[39m[2m | [22m                [36m4.27 kB[39m
[32m760.2f0fab3d1f81340f.js[39m      [2m | [22m[2mregistration-welcome-welcome-component[22m                                                          [2m | [22m  [36m8.52 kB[39m[2m | [22m                [36m2.18 kB[39m
[32m304.ad9075d4774b0ba0.js[39m      [2m | [22m[2mmfe-container-mfe-container-component[22m                                                           [2m | [22m  [36m3.61 kB[39m[2m | [22m                [36m1.46 kB[39m

Build at: 2026-09-05T04:32:34.684Z - Hash: f7495c1206b06857 - Time: 240384ms
